Line 6: type not declared (teste)
End of compilation
