Line 16: syntax error near GOT
End of compilation
