Line 6: type not declared (teste)
Line 13: type not declared (User2)
End of compilation
